// Vitest Snapshot v1

exports[`BlogFeatured Component > should render our BlogFeatured 1`] = `
<body>
  <div>
    <a
      class="blog-preview relative flex flex-col"
      href="/blog/test-slug"
    >
      <img
        alt="Test Title"
        height="auto"
        loading="lazy"
        src="https://via.placeholder.com/150"
        width="auto"
      />
      <h2
        class="mt-4 mb-2 text-2xl"
      >
        Test Title
      </h2>
      <div
        class="font-font-monospace text-sm"
      >
        01/01/2020
      </div>
    </a>
  </div>
</body>
`;
