// Vitest Snapshot v1

exports[`AppFooter Component > should render our footer 1`] = `
<body>
  <div>
    <footer
      class="mt-10 justify-center gap-2 text-center text-sm print:hidden md:mt-20"
    >
      <div
        class="m-auto flex justify-center gap-4"
      >
        <a
          class="p-2"
          href="https://linkedin.com/in/MatthewScholta"
          rel="noreferrer"
          target="_blank"
        >
          <img
            alt="Follow me on LinkedIn"
            class="footer-social"
            height="16"
            loading="lazy"
            src="/images/svg/linkedin-dark.svg"
            width="16"
          />
        </a>
        <a
          class="p-2"
          href="https://github.com/visormatt"
          rel="noreferrer"
          target="_blank"
        >
          <img
            alt="Follow me on GitHub"
            class="footer-social"
            height="16"
            loading="lazy"
            src="/images/svg/github-dark.svg"
            width="16"
          />
        </a>
        <a
          class="p-2"
          href="https://twitter.com/visormatt"
          rel="noreferrer"
          target="_blank"
        >
          <img
            alt="Follow me on Twitter"
            class="footer-social"
            height="16"
            loading="lazy"
            src="/images/svg/twitter-dark.svg"
            width="16"
          />
        </a>
      </div>
      <p
        class="font-font-monospace"
      >
        Built with 
        <span
          class="text-color-primary--"
        >
          â™¥
        </span>
         in
         
        <a
          href="https://www.google.com/search?q=san+diego+weather"
          rel="noreferrer"
          target="_blank"
        >
          San Diego
        </a>
        , CA.
      </p>
    </footer>
  </div>
</body>
`;
