// Vitest Snapshot v1

exports[`AppHero Component > should render our Hero 1`] = `
<body>
  <div>
    <div
      class="hero p-4 text-center"
    >
      <h2
        class="inline-block font-font-serif text-xl font-extrabold md:text-4xl"
      >
        <div
          class="font-font-monospace text-base font-normal md:text-2xl"
        >
          Test Copy
        </div>
        <div
          class="text-highlight px-3 text-4xl md:text-7xl"
        >
          The HIGHLIGHT
        </div>
      </h2>
    </div>
  </div>
</body>
`;

exports[`AppSocialLink Component > should render our Hero 1`] = `
<body>
  <div>
    <a
      class="flex items-center gap-4 break-words break-all text-sm text-color-copy-light"
      href="https://facebook.com"
      rel="noopener noreferrer"
      target="_blank"
    >
      <img
        alt="Follow me on xxxxx"
        height="14"
        src="facebook"
        width="14"
      />
      Facebook
    </a>
  </div>
</body>
`;
