// Vitest Snapshot v1

exports[`BlogPreview Component > should render our BlogPreview 1`] = `
<body>
  <div>
    <a
      class="blog-preview relative flex flex-col"
      href="/blog/hello-world"
    >
      <img
        alt="Hello World"
        height="auto"
        loading="lazy"
        src="https://example.com/image.jpg"
        width="auto"
      />
      <h3
        class="mt-4 mb-2 text-2xl"
      >
        Hello World
      </h3>
      <div
        class="font-font-monospace text-sm"
      >
        01/01/2020
      </div>
    </a>
  </div>
</body>
`;
